// Jest Snapshot v1, https://goo.gl/fbAQLP

exports[`Users matches snapshot 1`] = `
<div>
  <div
    class="MuiPaper-root MuiPaper-elevation1 MuiPaper-rounded"
  >
    <table
      class="MuiTable-root"
    >
      <thead
        class="MuiTableHead-root"
      >
        <tr
          class="MuiTableRow-root MuiTableRow-head"
        >
          <th
            class="MuiTableCell-root MuiTableCell-head"
            scope="col"
          >
            User ID
          </th>
          <th
            class="MuiTableCell-root MuiTableCell-head"
            colspan="2"
            scope="col"
          >
            ETH Balance
          </th>
        </tr>
      </thead>
      <tbody
        class="MuiTableBody-root"
      >
        <tr
          class="MuiTableRow-root"
        >
          <td
            class="MuiTableCell-root MuiTableCell-body"
          >
            0x0000000000000000000000000000000000000000
          </td>
          <td
            class="MuiTableCell-root MuiTableCell-body"
          >
            0
          </td>
          <td
            class="MuiTableCell-root MuiTableCell-body"
          >
            <button
              class="MuiButtonBase-root MuiButton-root MuiButton-text MuiButton-textPrimary"
              tabindex="0"
              type="button"
            >
              <span
                class="MuiButton-label"
              >
                <a
                  class="MuiTypography-root MuiLink-root MuiLink-underlineNone MuiTypography-colorPrimary"
                  href="/users/0x0000000000000000000000000000000000000000"
                >
                  See transactions
                </a>
              </span>
              <span
                class="MuiTouchRipple-root"
              />
            </button>
          </td>
        </tr>
        <tr
          class="MuiTableRow-root"
        >
          <td
            class="MuiTableCell-root MuiTableCell-body"
          >
            0x0000000000c90bc353314b6911180ed7e06019a9
          </td>
          <td
            class="MuiTableCell-root MuiTableCell-body"
          >
            20
          </td>
          <td
            class="MuiTableCell-root MuiTableCell-body"
          >
            <button
              class="MuiButtonBase-root MuiButton-root MuiButton-text MuiButton-textPrimary"
              tabindex="0"
              type="button"
            >
              <span
                class="MuiButton-label"
              >
                <a
                  class="MuiTypography-root MuiLink-root MuiLink-underlineNone MuiTypography-colorPrimary"
                  href="/users/0x0000000000c90bc353314b6911180ed7e06019a9"
                >
                  See transactions
                </a>
              </span>
              <span
                class="MuiTouchRipple-root"
              />
            </button>
          </td>
        </tr>
      </tbody>
    </table>
  </div>
</div>
`;
