// Jest Snapshot v1, https://goo.gl/fbAQLP

exports[`UserTransactions matches snapshot 1`] = `
<div>
  <h6
    class="MuiTypography-root MuiTypography-h6"
  >
    User transactions
  </h6>
  <table
    class="MuiTable-root"
  >
    <thead
      class="MuiTableHead-root"
    >
      <tr
        class="MuiTableRow-root MuiTableRow-head"
      >
        <th
          class="MuiTableCell-root MuiTableCell-head MuiTableCell-sizeSmall"
          scope="col"
        >
          ID
        </th>
        <th
          class="MuiTableCell-root MuiTableCell-head MuiTableCell-sizeSmall"
          scope="col"
        >
          TX
        </th>
        <th
          class="MuiTableCell-root MuiTableCell-head MuiTableCell-sizeSmall"
          scope="col"
        >
          Age
        </th>
        <th
          class="MuiTableCell-root MuiTableCell-head MuiTableCell-sizeSmall"
          scope="col"
        >
          ETH amount
        </th>
        <th
          class="MuiTableCell-root MuiTableCell-head MuiTableCell-sizeSmall"
          scope="col"
        >
          Token amount
        </th>
        <th
          class="MuiTableCell-root MuiTableCell-head MuiTableCell-sizeSmall"
          colspan="2"
          scope="col"
        >
          Fee
        </th>
      </tr>
    </thead>
    <tbody
      class="MuiTableBody-root"
    >
      <tr
        class="MuiTableRow-root"
      >
        <td
          class="MuiTableCell-root MuiTableCell-body MuiTableCell-sizeSmall"
        >
          207503
        </td>
        <td
          class="MuiTableCell-root MuiTableCell-body MuiTableCell-sizeSmall"
        >
          <div
            style="width: 100px;"
          >
            <p
              class="MuiTypography-root MuiTypography-body1 MuiTypography-noWrap"
            >
              0x12bd6f147df983c46a5c0a296f86efc42fc110223a6cdf494e9c36a5fd6dc138
            </p>
          </div>
        </td>
        <td
          class="MuiTableCell-root MuiTableCell-body MuiTableCell-sizeSmall"
        >
          over 49 years
        </td>
        <td
          class="MuiTableCell-root MuiTableCell-body MuiTableCell-sizeSmall"
        >
          0.999799117276250112
        </td>
        <td
          class="MuiTableCell-root MuiTableCell-body MuiTableCell-sizeSmall"
        >
          1086.866722435225686668
        </td>
        <td
          class="MuiTableCell-root MuiTableCell-body MuiTableCell-sizeSmall"
        >
          0.003008422619687813
        </td>
        <td
          class="MuiTableCell-root MuiTableCell-body MuiTableCell-sizeSmall"
        >
          <div>
            <button
              class="MuiButtonBase-root MuiButton-root MuiButton-text MuiButton-textPrimary"
              tabindex="0"
              type="button"
            >
              <span
                class="MuiButton-label"
              >
                Transfer ETH
              </span>
              <span
                class="MuiTouchRipple-root"
              />
            </button>
          </div>
        </td>
      </tr>
    </tbody>
  </table>
</div>
`;
